../Core/Src/main.c:85:6:transmit_uart_it	16	static
../Core/Src/main.c:90:6:show_menu	8	static
../Core/Src/main.c:100:6:read_text_file	16	static
../Core/Src/main.c:126:5:main	8	static
../Core/Src/main.c:204:6:SystemClock_Config	88	static
../Core/Src/main.c:252:13:MX_SPI1_Init	8	static
../Core/Src/main.c:290:13:MX_USART2_UART_Init	8	static
../Core/Src/main.c:321:13:MX_DMA_Init	16	static
../Core/Src/main.c:342:13:MX_GPIO_Init	48	static
../Core/Src/main.c:371:6:HAL_UART_RxCpltCallback	16	static
../Core/Src/main.c:384:6:Error_Handler	4	static,ignoring_inline_asm
